// Jest Snapshot v1, https://goo.gl/fbAQLP

exports[`DateField component is correctly rendering renders correctly 1`] = `
<div
  className="padding-left-md padding-right-md form-group my-0   "
>
  <div
    className="row"
  >
    <label
      className="col-md-2 col-5 col-form-label text-center text-md-right"
      htmlFor="test-field"
    >
      test label
    </label>
    <div
      className="col-md-4"
    >
      <div
        className="col-md-12 col-5 date-field"
      >
        <div>
          <div
            className="react-datepicker-wrapper"
          >
            <div
              className="react-datepicker__input-container"
            >
              <input
                autoComplete={undefined}
                autoFocus={undefined}
                className="form-control"
                disabled={false}
                id="test-field"
                name={undefined}
                onBlur={[Function]}
                onChange={[Function]}
                onClick={[Function]}
                onFocus={[Function]}
                onKeyDown={[Function]}
                placeholder={undefined}
                readOnly={undefined}
                required={undefined}
                tabIndex={undefined}
                title={undefined}
                type="text"
                value=""
              />
            </div>
          </div>
        </div>
      </div>
    </div>
  </div>
  <div
    className="row"
  >
    <div
      className="col-md-2"
    />
    <div
      className="help-block col-md-4"
      style={
        Object {
          "float": "left",
        }
      }
    >
      
    </div>
  </div>
</div>
`;
